// Jest Snapshot v1, https://goo.gl/fbAQLP

exports[`Calendar Page - Render match snapshot 1`] = `
<ContextConsumer>
  <Component />
</ContextConsumer>
`;
